// Jest Snapshot v1, https://goo.gl/fbAQLP

exports[`Footer component renders Footer 1`] = `
<footer>
  <h5>
    Â© Alex Ramirez de Cruz
  </h5>
</footer>
`;
