// Jest Snapshot v1, https://goo.gl/fbAQLP

exports[`Overview component renders Overview 1`] = `
<Fragment>
  <h4>
    Overview
  </h4>
  <p>
    This is where I will explain the tech I used and the reason for creating the project.
  </p>
</Fragment>
`;
