// Jest Snapshot v1, https://goo.gl/fbAQLP

exports[`Title component renders Title 1`] = `
<header>
  <h3>
    Hey Arnold API!
  </h3>
</header>
`;
